{"Foo": ["Card 1\nA", "Card 2\nB", "Card 3\nC"], "Bar": [], "Baz": []}
