[Attempt(question='Boolean Reasoning', username='foo123', course='CS1', semester='SX', idx=0, attempt={}, grade=0.0, is_admissible=False, is_genuine=True, extra_data={'all_moved': True}),
 Attempt(question='Boolean Reasoning',
         username='foo123',
         course='CS1',
         semester='SX',
         idx=1,
         attempt={'Always False': ['x < 0 and x > 5', 'x == y and x != y', 'x < y and y < z and z < x'],
                  'Always True': ['x == y or x != y', '0 < x or x < 3'],
                  'Cards': [],
                  'Either True or False': ['0 < x and x < 3', 'x == z or y != z', 'x < 0 or x > 5']},
         grade=1.0,
         is_admissible=True,
         is_genuine=True,
         extra_data={'all_moved': True})]
